<?xml version="1.0" encoding="utf-8"?>
<TestRun id="60d670a9-e403-42cc-9c9d-6ae4f1afbc0c" name="x@dev 2020-10-30 20:34:27" runUser="dev\x">
  <Times creation="2020-10-30T20:34:27.8514442+01:00" queuing="2020-10-30T20:34:27.8514453+01:00" start="2020-10-30T20:34:26.6780735+01:00" finish="2020-10-30T20:34:28.1233905+01:00" />
  <TestSettings name="default" id="44186008-3ae1-4798-935c-15fb81ae2c65">
    <Deployment runDeploymentRoot="x_dev_2020-10-30_20_34_27" />
  </TestSettings>
  <Results>
    <UnitTestResult executionId="66674b08-ab75-4426-b8d8-0c2163954524" testId="8b53fcfa-8a18-4357-0e34-6d8cfd514115" testName="GetDate_Not_Seperated_By_Doubledot" computerName="dev" duration="00:00:00.0006043" startTime="2020-10-30T20:34:27.8133912+01:00" endTime="2020-10-30T20:34:27.8141178+01:00" testType="13cdc9d9-ddb5-4fa4-a97d-d965ccfc6d4b" outcome="NotExecuted" testListId="8c84fa94-04c1-424b-9868-57a2d4851a1d" relativeResultsDirectory="66674b08-ab75-4426-b8d8-0c2163954524">
      <Output>
        <ErrorInfo>
          <Message>Assert.Inconclusive failed. </Message>
          <StackTrace>   at Tracker.Core.Domain.WorkTimes.UnitTests.WorkTimeTests.GetDate_Not_Seperated_By_Doubledot() in c\WorkTimes\WorkTimeTests.cs:line 42&#xD;
          </StackTrace>
        </ErrorInfo>
      </Output>
    </UnitTestResult>
    <UnitTestResult executionId="8e084df1-a0e2-4d63-9096-a0818801e2c1" testId="3da3570c-b73f-2c00-1833-5a9c9b9682ee" testName="Map_Domain_Object_With_Partial_Values_To_Entity" computerName="dev" duration="00:00:00.0020031" startTime="2020-10-30T20:34:27.7082649+01:00" endTime="2020-10-30T20:34:27.7104040+01:00" testType="13cdc9d9-ddb5-4fa4-a97d-d965ccfc6d4b" outcome="Passed" testListId="8c84fa94-04c1-424b-9868-57a2d4851a1d" relativeResultsDirectory="8e084df1-a0e2-4d63-9096-a0818801e2c1" />
  </Results>
  <TestDefinitions>
    <UnitTest name="Map_Domain_Object_With_Partial_Values_To_Entity" storage="unittests.dll" id="3da3570c-b73f-2c00-1833-5a9c9b9682ee">
      <Execution id="8e084df1-a0e2-4d63-9096-a0818801e2c1" />
      <TestMethod codeBase="UnitTests.dll" adapterTypeName="executor://mstestadapter/v2" className="Tracker.Core.Entities.WorkItems.UnitTests.WorkItemDomainEntityMapperTests" name="Map_Domain_Object_With_Partial_Values_To_Entity" />
    </UnitTest>
    <UnitTest name="GetDate_Not_Seperated_By_Doubledot" storage="unittests.dll" id="8b53fcfa-8a18-4357-0e34-6d8cfd514115">
      <Execution id="66674b08-ab75-4426-b8d8-0c2163954524" />
      <TestMethod codeBase="UnitTests.dll" adapterTypeName="executor://mstestadapter/v2" className="Tracker.Core.Domain.WorkTimes.UnitTests.WorkTimeTests" name="GetDate_Not_Seperated_By_Doubledot" />
    </UnitTest>
  </TestDefinitions>
  <TestEntries>
    <TestEntry testId="3da3570c-b73f-2c00-1833-5a9c9b9682ee" executionId="8e084df1-a0e2-4d63-9096-a0818801e2c1" testListId="8c84fa94-04c1-424b-9868-57a2d4851a1d" />
    <TestEntry testId="8b53fcfa-8a18-4357-0e34-6d8cfd514115" executionId="66674b08-ab75-4426-b8d8-0c2163954524" testListId="8c84fa94-04c1-424b-9868-57a2d4851a1d" />
  </TestEntries>
  <TestLists>
    <TestList name="Ergebnisse nicht in einer Liste" id="8c84fa94-04c1-424b-9868-57a2d4851a1d" />
    <TestList name="Alle geladenen Ergebnisse" id="19431567-8539-422a-85d7-44ee4e166bda" />
  </TestLists>
  <ResultSummary outcome="Failed">
    <Counters total="2" executed="2" passed="1" failed="1" error="0" timeout="0" aborted="0" inconclusive="0" passedButRunAborted="0" notRunnable="0" notExecuted="0" disconnected="0" warning="0" completed="0" inProgress="0" pending="0" />
    <Output>
      <StdOut>Der Test "GetTime_Seperated_By_Doubledot" wurde im Testlauf übersprungen.&#xD;
Der Test "GetDate_Not_Seperated_By_Doubledot" wurde im Testlauf übersprungen.&#xD;
Der Test "Equality" wurde im Testlauf übersprungen.&#xD;
      </StdOut>
    </Output>
  </ResultSummary>
</TestRun>